2026-04-24 16:52:48,455 | INFO | pipeline | ==================================================
2026-04-24 16:52:48,456 | INFO | pipeline | ML PIPELINE STARTED
2026-04-24 16:52:48,456 | INFO | pipeline | ==================================================
2026-04-24 16:52:48,456 | INFO | pipeline | [Stage 1/4] Data Ingestion
2026-04-24 16:52:48,456 | INFO | data_ingestion | Collecting data...
2026-04-24 16:52:48,479 | INFO | data_ingestion | Data saved to c:\Users\p.manojkumar\OneDrive - Exafluence, Inc\desktop\AI\ml_pipeline\artifacts\raw_data.csv | Shape: (1000, 6)
2026-04-24 16:52:48,479 | INFO | pipeline | [Stage 2/4] Data Preprocessing
2026-04-24 16:52:48,479 | INFO | data_preprocessing | Fitting and transforming data...
2026-04-24 16:52:48,486 | INFO | data_preprocessing | Transformed shape: (1000, 10)
2026-04-24 16:52:48,486 | INFO | pipeline | [Stage 3/4] Model Training
2026-04-24 16:52:48,487 | INFO | model_training | Training on 800 samples | Evaluating on 200 samples
2026-04-24 16:52:48,635 | INFO | model_training | Metrics: {'accuracy': 0.895, 'roc_auc': 0.9561}
2026-04-24 16:52:48,638 | INFO | model_training | 
              precision    recall  f1-score   support

           0       0.92      0.87      0.89       101
           1       0.88      0.92      0.90        99

    accuracy                           0.90       200
   macro avg       0.90      0.90      0.89       200
weighted avg       0.90      0.90      0.89       200

2026-04-24 16:52:48,638 | INFO | pipeline | [Stage 4/4] Saving Artifacts
2026-04-24 16:52:48,643 | INFO | pipeline | ==================================================
2026-04-24 16:52:48,643 | INFO | pipeline | PIPELINE COMPLETED SUCCESSFULLY | {'accuracy': 0.895, 'roc_auc': 0.9561}
2026-04-24 16:52:48,644 | INFO | pipeline | ==================================================
2026-04-24 16:53:08,550 | INFO | pipeline | ==================================================
2026-04-24 16:53:08,550 | INFO | pipeline | ML PIPELINE STARTED
2026-04-24 16:53:08,550 | INFO | pipeline | ==================================================
2026-04-24 16:53:08,550 | INFO | pipeline | [Stage 1/4] Data Ingestion
2026-04-24 16:53:08,550 | INFO | data_ingestion | Collecting data...
2026-04-24 16:53:08,558 | INFO | data_ingestion | Data saved to c:\Users\p.manojkumar\OneDrive - Exafluence, Inc\desktop\AI\ml_pipeline\artifacts\raw_data.csv | Shape: (1000, 6)
2026-04-24 16:53:08,558 | INFO | pipeline | [Stage 2/4] Data Preprocessing
2026-04-24 16:53:08,558 | INFO | data_preprocessing | Fitting and transforming data...
2026-04-24 16:53:08,563 | INFO | data_preprocessing | Transformed shape: (1000, 10)
2026-04-24 16:53:08,563 | INFO | pipeline | [Stage 3/4] Model Training
2026-04-24 16:53:08,564 | INFO | model_training | Training on 800 samples | Evaluating on 200 samples
2026-04-24 16:53:08,716 | INFO | model_training | Metrics: {'accuracy': 0.895, 'roc_auc': 0.959}
2026-04-24 16:53:08,719 | INFO | model_training | 
              precision    recall  f1-score   support

           0       0.90      0.89      0.90       101
           1       0.89      0.90      0.89        99

    accuracy                           0.90       200
   macro avg       0.90      0.90      0.89       200
weighted avg       0.90      0.90      0.90       200

2026-04-24 16:53:08,719 | INFO | pipeline | [Stage 4/4] Saving Artifacts
2026-04-24 16:53:08,722 | INFO | model_registry | Saved artifact -> c:\Users\p.manojkumar\OneDrive - Exafluence, Inc\desktop\AI\ml_pipeline\artifacts\model.pkl
2026-04-24 16:53:08,724 | INFO | model_registry | Saved artifact -> c:\Users\p.manojkumar\OneDrive - Exafluence, Inc\desktop\AI\ml_pipeline\artifacts\preprocessor.pkl
2026-04-24 16:53:08,724 | INFO | pipeline | ==================================================
2026-04-24 16:53:08,724 | INFO | pipeline | PIPELINE COMPLETED SUCCESSFULLY | {'accuracy': 0.895, 'roc_auc': 0.959}
2026-04-24 16:53:08,724 | INFO | pipeline | ==================================================
2026-04-24 16:53:09,483 | INFO | model_registry | Loaded artifact <- c:\Users\p.manojkumar\OneDrive - Exafluence, Inc\desktop\AI\ml_pipeline\artifacts\model.pkl
2026-04-24 16:53:09,485 | INFO | model_registry | Loaded artifact <- c:\Users\p.manojkumar\OneDrive - Exafluence, Inc\desktop\AI\ml_pipeline\artifacts\preprocessor.pkl
2026-04-24 16:53:09,485 | INFO | predictor | Predictor initialized with saved artifacts.
2026-04-24 16:53:09,545 | INFO | predictor | Prediction result: {'prediction': [1], 'probability': [0.7042756910403287]}
2026-04-24 17:03:24,527 | INFO | pipeline | ==================================================
2026-04-24 17:03:24,527 | INFO | pipeline | ML PIPELINE STARTED
2026-04-24 17:03:24,527 | INFO | pipeline | ==================================================
2026-04-24 17:03:24,527 | INFO | pipeline | [Stage 1/4] Data Ingestion
2026-04-24 17:03:24,527 | INFO | data_ingestion | Collecting data...
2026-04-24 17:03:24,538 | INFO | data_ingestion | Data saved to c:\Users\p.manojkumar\OneDrive - Exafluence, Inc\desktop\AI\ml_pipeline\artifacts\raw_data.csv | Shape: (1000, 6)
2026-04-24 17:03:24,539 | INFO | pipeline | [Stage 2/4] Data Preprocessing
2026-04-24 17:03:24,539 | INFO | data_preprocessing | Fitting and transforming data...
2026-04-24 17:03:24,544 | INFO | data_preprocessing | Transformed shape: (1000, 10)
2026-04-24 17:03:24,545 | INFO | pipeline | [Stage 3/4] Model Training
2026-04-24 17:03:24,546 | INFO | model_training | Training on 800 samples | Evaluating on 200 samples
2026-04-24 17:03:24,754 | INFO | model_training | Metrics: {'accuracy': 0.895, 'roc_auc': 0.9548}
2026-04-24 17:03:24,757 | INFO | model_training | 
              precision    recall  f1-score   support

           0       0.91      0.88      0.89       101
           1       0.88      0.91      0.90        99

    accuracy                           0.90       200
   macro avg       0.90      0.90      0.89       200
weighted avg       0.90      0.90      0.89       200

2026-04-24 17:03:24,758 | INFO | pipeline | [Stage 4/4] Saving Artifacts
2026-04-24 17:03:24,761 | INFO | model_registry | Saved artifact -> c:\Users\p.manojkumar\OneDrive - Exafluence, Inc\desktop\AI\ml_pipeline\artifacts\model.pkl
2026-04-24 17:03:24,764 | INFO | model_registry | Saved artifact -> c:\Users\p.manojkumar\OneDrive - Exafluence, Inc\desktop\AI\ml_pipeline\artifacts\preprocessor.pkl
2026-04-24 17:03:24,764 | INFO | pipeline | ==================================================
2026-04-24 17:03:24,764 | INFO | pipeline | PIPELINE COMPLETED SUCCESSFULLY | {'accuracy': 0.895, 'roc_auc': 0.9548}
2026-04-24 17:03:24,764 | INFO | pipeline | ==================================================
2026-04-24 17:03:42,586 | INFO | model_registry | Loaded artifact <- c:\Users\p.manojkumar\OneDrive - Exafluence, Inc\desktop\AI\ml_pipeline\artifacts\model.pkl
2026-04-24 17:03:42,587 | INFO | model_registry | Loaded artifact <- c:\Users\p.manojkumar\OneDrive - Exafluence, Inc\desktop\AI\ml_pipeline\artifacts\preprocessor.pkl
2026-04-24 17:03:42,587 | INFO | predictor | Predictor initialized with saved artifacts.
2026-04-24 17:03:42,587 | INFO | api | Model loaded at startup.
2026-04-24 17:04:21,172 | INFO | pipeline | ==================================================
2026-04-24 17:04:21,173 | INFO | pipeline | ML PIPELINE STARTED
2026-04-24 17:04:21,173 | INFO | pipeline | ==================================================
2026-04-24 17:04:21,173 | INFO | pipeline | [Stage 1/4] Data Ingestion
2026-04-24 17:04:21,174 | INFO | data_ingestion | Collecting data...
2026-04-24 17:04:21,185 | INFO | data_ingestion | Data saved to c:\Users\p.manojkumar\OneDrive - Exafluence, Inc\desktop\AI\ml_pipeline\artifacts\raw_data.csv | Shape: (1000, 6)
2026-04-24 17:04:21,185 | INFO | pipeline | [Stage 2/4] Data Preprocessing
2026-04-24 17:04:21,185 | INFO | data_preprocessing | Fitting and transforming data...
2026-04-24 17:04:21,192 | INFO | data_preprocessing | Transformed shape: (1000, 10)
2026-04-24 17:04:21,192 | INFO | pipeline | [Stage 3/4] Model Training
2026-04-24 17:04:21,193 | INFO | model_training | Training on 800 samples | Evaluating on 200 samples
2026-04-24 17:04:21,353 | INFO | model_training | Metrics: {'accuracy': 0.885, 'roc_auc': 0.9571}
2026-04-24 17:04:21,356 | INFO | model_training | 
              precision    recall  f1-score   support

           0       0.90      0.87      0.88       101
           1       0.87      0.90      0.89        99

    accuracy                           0.89       200
   macro avg       0.89      0.89      0.88       200
weighted avg       0.89      0.89      0.88       200

2026-04-24 17:04:21,357 | INFO | pipeline | [Stage 4/4] Saving Artifacts
2026-04-24 17:04:21,359 | INFO | model_registry | Saved artifact -> c:\Users\p.manojkumar\OneDrive - Exafluence, Inc\desktop\AI\ml_pipeline\artifacts\model.pkl
2026-04-24 17:04:21,360 | INFO | model_registry | Saved artifact -> c:\Users\p.manojkumar\OneDrive - Exafluence, Inc\desktop\AI\ml_pipeline\artifacts\preprocessor.pkl
2026-04-24 17:04:21,360 | INFO | pipeline | ==================================================
2026-04-24 17:04:21,360 | INFO | pipeline | PIPELINE COMPLETED SUCCESSFULLY | {'accuracy': 0.885, 'roc_auc': 0.9571}
2026-04-24 17:04:21,360 | INFO | pipeline | ==================================================
2026-04-24 17:04:21,362 | INFO | model_registry | Loaded artifact <- c:\Users\p.manojkumar\OneDrive - Exafluence, Inc\desktop\AI\ml_pipeline\artifacts\model.pkl
2026-04-24 17:04:21,362 | INFO | model_registry | Loaded artifact <- c:\Users\p.manojkumar\OneDrive - Exafluence, Inc\desktop\AI\ml_pipeline\artifacts\preprocessor.pkl
2026-04-24 17:04:21,362 | INFO | predictor | Predictor initialized with saved artifacts.
2026-04-24 17:04:21,362 | INFO | api | Model retrained and reloaded.
2026-04-24 17:04:28,832 | INFO | pipeline | ==================================================
2026-04-24 17:04:28,833 | INFO | pipeline | ML PIPELINE STARTED
2026-04-24 17:04:28,833 | INFO | pipeline | ==================================================
2026-04-24 17:04:28,833 | INFO | pipeline | [Stage 1/4] Data Ingestion
2026-04-24 17:04:28,833 | INFO | data_ingestion | Collecting data...
2026-04-24 17:04:28,842 | INFO | data_ingestion | Data saved to c:\Users\p.manojkumar\OneDrive - Exafluence, Inc\desktop\AI\ml_pipeline\artifacts\raw_data.csv | Shape: (1000, 6)
2026-04-24 17:04:28,843 | INFO | pipeline | [Stage 2/4] Data Preprocessing
2026-04-24 17:04:28,843 | INFO | data_preprocessing | Fitting and transforming data...
2026-04-24 17:04:28,848 | INFO | data_preprocessing | Transformed shape: (1000, 10)
2026-04-24 17:04:28,849 | INFO | pipeline | [Stage 3/4] Model Training
2026-04-24 17:04:28,850 | INFO | model_training | Training on 800 samples | Evaluating on 200 samples
2026-04-24 17:04:29,013 | INFO | model_training | Metrics: {'accuracy': 0.895, 'roc_auc': 0.9534}
2026-04-24 17:04:29,016 | INFO | model_training | 
              precision    recall  f1-score   support

           0       0.91      0.88      0.89       101
           1       0.88      0.91      0.90        99

    accuracy                           0.90       200
   macro avg       0.90      0.90      0.89       200
weighted avg       0.90      0.90      0.89       200

2026-04-24 17:04:29,016 | INFO | pipeline | [Stage 4/4] Saving Artifacts
2026-04-24 17:04:29,019 | INFO | model_registry | Saved artifact -> c:\Users\p.manojkumar\OneDrive - Exafluence, Inc\desktop\AI\ml_pipeline\artifacts\model.pkl
2026-04-24 17:04:29,019 | INFO | model_registry | Saved artifact -> c:\Users\p.manojkumar\OneDrive - Exafluence, Inc\desktop\AI\ml_pipeline\artifacts\preprocessor.pkl
2026-04-24 17:04:29,019 | INFO | pipeline | ==================================================
2026-04-24 17:04:29,020 | INFO | pipeline | PIPELINE COMPLETED SUCCESSFULLY | {'accuracy': 0.895, 'roc_auc': 0.9534}
2026-04-24 17:04:29,020 | INFO | pipeline | ==================================================
2026-04-24 17:04:29,021 | INFO | model_registry | Loaded artifact <- c:\Users\p.manojkumar\OneDrive - Exafluence, Inc\desktop\AI\ml_pipeline\artifacts\model.pkl
2026-04-24 17:04:29,023 | INFO | model_registry | Loaded artifact <- c:\Users\p.manojkumar\OneDrive - Exafluence, Inc\desktop\AI\ml_pipeline\artifacts\preprocessor.pkl
2026-04-24 17:04:29,023 | INFO | predictor | Predictor initialized with saved artifacts.
2026-04-24 17:04:29,023 | INFO | api | Model retrained and reloaded.
2026-04-24 17:06:45,201 | INFO | pipeline | ==================================================
2026-04-24 17:06:45,202 | INFO | pipeline | ML PIPELINE STARTED
2026-04-24 17:06:45,202 | INFO | pipeline | ==================================================
2026-04-24 17:06:45,202 | INFO | pipeline | [Stage 1/4] Data Ingestion
2026-04-24 17:06:45,202 | INFO | data_ingestion | Collecting data...
2026-04-24 17:06:45,213 | INFO | data_ingestion | Data saved to c:\Users\p.manojkumar\OneDrive - Exafluence, Inc\desktop\AI\ml_pipeline\artifacts\raw_data.csv | Shape: (1000, 6)
2026-04-24 17:06:45,213 | INFO | pipeline | [Stage 2/4] Data Preprocessing
2026-04-24 17:06:45,213 | INFO | data_preprocessing | Fitting and transforming data...
2026-04-24 17:06:45,218 | INFO | data_preprocessing | Transformed shape: (1000, 10)
2026-04-24 17:06:45,219 | INFO | pipeline | [Stage 3/4] Model Training
2026-04-24 17:06:45,220 | INFO | model_training | Training on 800 samples | Evaluating on 200 samples
2026-04-24 17:06:45,396 | INFO | model_training | Metrics: {'accuracy': 0.895, 'roc_auc': 0.9509}
2026-04-24 17:06:45,399 | INFO | model_training | 
              precision    recall  f1-score   support

           0       0.91      0.88      0.89       101
           1       0.88      0.91      0.90        99

    accuracy                           0.90       200
   macro avg       0.90      0.90      0.89       200
weighted avg       0.90      0.90      0.89       200

2026-04-24 17:06:45,399 | INFO | pipeline | [Stage 4/4] Saving Artifacts
2026-04-24 17:06:45,402 | INFO | model_registry | Saved artifact -> c:\Users\p.manojkumar\OneDrive - Exafluence, Inc\desktop\AI\ml_pipeline\artifacts\model.pkl
2026-04-24 17:06:45,403 | INFO | model_registry | Saved artifact -> c:\Users\p.manojkumar\OneDrive - Exafluence, Inc\desktop\AI\ml_pipeline\artifacts\preprocessor.pkl
2026-04-24 17:06:45,403 | INFO | pipeline | ==================================================
2026-04-24 17:06:45,403 | INFO | pipeline | PIPELINE COMPLETED SUCCESSFULLY | {'accuracy': 0.895, 'roc_auc': 0.9509}
2026-04-24 17:06:45,403 | INFO | pipeline | ==================================================
2026-04-24 17:06:45,405 | INFO | model_registry | Loaded artifact <- c:\Users\p.manojkumar\OneDrive - Exafluence, Inc\desktop\AI\ml_pipeline\artifacts\model.pkl
2026-04-24 17:06:45,405 | INFO | model_registry | Loaded artifact <- c:\Users\p.manojkumar\OneDrive - Exafluence, Inc\desktop\AI\ml_pipeline\artifacts\preprocessor.pkl
2026-04-24 17:06:45,405 | INFO | predictor | Predictor initialized with saved artifacts.
2026-04-24 17:06:45,406 | INFO | api | Model retrained and reloaded.
2026-04-24 17:06:46,945 | INFO | pipeline | ==================================================
2026-04-24 17:06:46,946 | INFO | pipeline | ML PIPELINE STARTED
2026-04-24 17:06:46,946 | INFO | pipeline | ==================================================
2026-04-24 17:06:46,946 | INFO | pipeline | [Stage 1/4] Data Ingestion
2026-04-24 17:06:46,946 | INFO | data_ingestion | Collecting data...
2026-04-24 17:06:46,956 | INFO | data_ingestion | Data saved to c:\Users\p.manojkumar\OneDrive - Exafluence, Inc\desktop\AI\ml_pipeline\artifacts\raw_data.csv | Shape: (1000, 6)
2026-04-24 17:06:46,956 | INFO | pipeline | [Stage 2/4] Data Preprocessing
2026-04-24 17:06:46,956 | INFO | data_preprocessing | Fitting and transforming data...
2026-04-24 17:06:46,961 | INFO | data_preprocessing | Transformed shape: (1000, 10)
2026-04-24 17:06:46,962 | INFO | pipeline | [Stage 3/4] Model Training
2026-04-24 17:06:46,963 | INFO | model_training | Training on 800 samples | Evaluating on 200 samples
2026-04-24 17:06:47,127 | INFO | model_training | Metrics: {'accuracy': 0.885, 'roc_auc': 0.9561}
2026-04-24 17:06:47,130 | INFO | model_training | 
              precision    recall  f1-score   support

           0       0.89      0.88      0.89       101
           1       0.88      0.89      0.88        99

    accuracy                           0.89       200
   macro avg       0.89      0.89      0.88       200
weighted avg       0.89      0.89      0.89       200

2026-04-24 17:06:47,130 | INFO | pipeline | [Stage 4/4] Saving Artifacts
2026-04-24 17:06:47,133 | INFO | model_registry | Saved artifact -> c:\Users\p.manojkumar\OneDrive - Exafluence, Inc\desktop\AI\ml_pipeline\artifacts\model.pkl
2026-04-24 17:06:47,134 | INFO | model_registry | Saved artifact -> c:\Users\p.manojkumar\OneDrive - Exafluence, Inc\desktop\AI\ml_pipeline\artifacts\preprocessor.pkl
2026-04-24 17:06:47,134 | INFO | pipeline | ==================================================
2026-04-24 17:06:47,135 | INFO | pipeline | PIPELINE COMPLETED SUCCESSFULLY | {'accuracy': 0.885, 'roc_auc': 0.9561}
2026-04-24 17:06:47,135 | INFO | pipeline | ==================================================
2026-04-24 17:06:47,136 | INFO | model_registry | Loaded artifact <- c:\Users\p.manojkumar\OneDrive - Exafluence, Inc\desktop\AI\ml_pipeline\artifacts\model.pkl
2026-04-24 17:06:47,136 | INFO | model_registry | Loaded artifact <- c:\Users\p.manojkumar\OneDrive - Exafluence, Inc\desktop\AI\ml_pipeline\artifacts\preprocessor.pkl
2026-04-24 17:06:47,137 | INFO | predictor | Predictor initialized with saved artifacts.
2026-04-24 17:06:47,137 | INFO | api | Model retrained and reloaded.
2026-04-24 17:06:47,778 | INFO | pipeline | ==================================================
2026-04-24 17:06:47,778 | INFO | pipeline | ML PIPELINE STARTED
2026-04-24 17:06:47,778 | INFO | pipeline | ==================================================
2026-04-24 17:06:47,779 | INFO | pipeline | [Stage 1/4] Data Ingestion
2026-04-24 17:06:47,779 | INFO | data_ingestion | Collecting data...
2026-04-24 17:06:47,786 | INFO | data_ingestion | Data saved to c:\Users\p.manojkumar\OneDrive - Exafluence, Inc\desktop\AI\ml_pipeline\artifacts\raw_data.csv | Shape: (1000, 6)
2026-04-24 17:06:47,786 | INFO | pipeline | [Stage 2/4] Data Preprocessing
2026-04-24 17:06:47,787 | INFO | data_preprocessing | Fitting and transforming data...
2026-04-24 17:06:47,792 | INFO | data_preprocessing | Transformed shape: (1000, 10)
2026-04-24 17:06:47,792 | INFO | pipeline | [Stage 3/4] Model Training
2026-04-24 17:06:47,793 | INFO | model_training | Training on 800 samples | Evaluating on 200 samples
2026-04-24 17:06:47,953 | INFO | model_training | Metrics: {'accuracy': 0.9, 'roc_auc': 0.9618}
2026-04-24 17:06:47,958 | INFO | model_training | 
              precision    recall  f1-score   support

           0       0.91      0.89      0.90       101
           1       0.89      0.91      0.90        99

    accuracy                           0.90       200
   macro avg       0.90      0.90      0.90       200
weighted avg       0.90      0.90      0.90       200

2026-04-24 17:06:47,958 | INFO | pipeline | [Stage 4/4] Saving Artifacts
2026-04-24 17:06:47,960 | INFO | model_registry | Saved artifact -> c:\Users\p.manojkumar\OneDrive - Exafluence, Inc\desktop\AI\ml_pipeline\artifacts\model.pkl
2026-04-24 17:06:47,961 | INFO | model_registry | Saved artifact -> c:\Users\p.manojkumar\OneDrive - Exafluence, Inc\desktop\AI\ml_pipeline\artifacts\preprocessor.pkl
2026-04-24 17:06:47,961 | INFO | pipeline | ==================================================
2026-04-24 17:06:47,961 | INFO | pipeline | PIPELINE COMPLETED SUCCESSFULLY | {'accuracy': 0.9, 'roc_auc': 0.9618}
2026-04-24 17:06:47,962 | INFO | pipeline | ==================================================
2026-04-24 17:06:47,963 | INFO | model_registry | Loaded artifact <- c:\Users\p.manojkumar\OneDrive - Exafluence, Inc\desktop\AI\ml_pipeline\artifacts\model.pkl
2026-04-24 17:06:47,963 | INFO | model_registry | Loaded artifact <- c:\Users\p.manojkumar\OneDrive - Exafluence, Inc\desktop\AI\ml_pipeline\artifacts\preprocessor.pkl
2026-04-24 17:06:47,963 | INFO | predictor | Predictor initialized with saved artifacts.
2026-04-24 17:06:47,964 | INFO | api | Model retrained and reloaded.
2026-04-24 17:06:48,569 | INFO | pipeline | ==================================================
2026-04-24 17:06:48,570 | INFO | pipeline | ML PIPELINE STARTED
2026-04-24 17:06:48,570 | INFO | pipeline | ==================================================
2026-04-24 17:06:48,570 | INFO | pipeline | [Stage 1/4] Data Ingestion
2026-04-24 17:06:48,570 | INFO | data_ingestion | Collecting data...
2026-04-24 17:06:48,582 | INFO | data_ingestion | Data saved to c:\Users\p.manojkumar\OneDrive - Exafluence, Inc\desktop\AI\ml_pipeline\artifacts\raw_data.csv | Shape: (1000, 6)
2026-04-24 17:06:48,582 | INFO | pipeline | [Stage 2/4] Data Preprocessing
2026-04-24 17:06:48,582 | INFO | data_preprocessing | Fitting and transforming data...
2026-04-24 17:06:48,590 | INFO | data_preprocessing | Transformed shape: (1000, 10)
2026-04-24 17:06:48,590 | INFO | pipeline | [Stage 3/4] Model Training
2026-04-24 17:06:48,594 | INFO | model_training | Training on 800 samples | Evaluating on 200 samples
2026-04-24 17:06:48,783 | INFO | model_training | Metrics: {'accuracy': 0.88, 'roc_auc': 0.9582}
2026-04-24 17:06:48,785 | INFO | model_training | 
              precision    recall  f1-score   support

           0       0.89      0.87      0.88       101
           1       0.87      0.89      0.88        99

    accuracy                           0.88       200
   macro avg       0.88      0.88      0.88       200
weighted avg       0.88      0.88      0.88       200

2026-04-24 17:06:48,786 | INFO | pipeline | [Stage 4/4] Saving Artifacts
2026-04-24 17:06:48,788 | INFO | model_registry | Saved artifact -> c:\Users\p.manojkumar\OneDrive - Exafluence, Inc\desktop\AI\ml_pipeline\artifacts\model.pkl
2026-04-24 17:06:48,789 | INFO | model_registry | Saved artifact -> c:\Users\p.manojkumar\OneDrive - Exafluence, Inc\desktop\AI\ml_pipeline\artifacts\preprocessor.pkl
2026-04-24 17:06:48,789 | INFO | pipeline | ==================================================
2026-04-24 17:06:48,789 | INFO | pipeline | PIPELINE COMPLETED SUCCESSFULLY | {'accuracy': 0.88, 'roc_auc': 0.9582}
2026-04-24 17:06:48,789 | INFO | pipeline | ==================================================
2026-04-24 17:06:48,791 | INFO | model_registry | Loaded artifact <- c:\Users\p.manojkumar\OneDrive - Exafluence, Inc\desktop\AI\ml_pipeline\artifacts\model.pkl
2026-04-24 17:06:48,791 | INFO | model_registry | Loaded artifact <- c:\Users\p.manojkumar\OneDrive - Exafluence, Inc\desktop\AI\ml_pipeline\artifacts\preprocessor.pkl
2026-04-24 17:06:48,791 | INFO | predictor | Predictor initialized with saved artifacts.
2026-04-24 17:06:48,791 | INFO | api | Model retrained and reloaded.
2026-04-24 17:06:49,275 | INFO | pipeline | ==================================================
2026-04-24 17:06:49,275 | INFO | pipeline | ML PIPELINE STARTED
2026-04-24 17:06:49,275 | INFO | pipeline | ==================================================
2026-04-24 17:06:49,275 | INFO | pipeline | [Stage 1/4] Data Ingestion
2026-04-24 17:06:49,276 | INFO | data_ingestion | Collecting data...
2026-04-24 17:06:49,283 | INFO | data_ingestion | Data saved to c:\Users\p.manojkumar\OneDrive - Exafluence, Inc\desktop\AI\ml_pipeline\artifacts\raw_data.csv | Shape: (1000, 6)
2026-04-24 17:06:49,283 | INFO | pipeline | [Stage 2/4] Data Preprocessing
2026-04-24 17:06:49,283 | INFO | data_preprocessing | Fitting and transforming data...
2026-04-24 17:06:49,289 | INFO | data_preprocessing | Transformed shape: (1000, 10)
2026-04-24 17:06:49,289 | INFO | pipeline | [Stage 3/4] Model Training
2026-04-24 17:06:49,290 | INFO | model_training | Training on 800 samples | Evaluating on 200 samples
2026-04-24 17:06:49,451 | INFO | model_training | Metrics: {'accuracy': 0.875, 'roc_auc': 0.9487}
2026-04-24 17:06:49,453 | INFO | model_training | 
              precision    recall  f1-score   support

           0       0.88      0.87      0.88       101
           1       0.87      0.88      0.87        99

    accuracy                           0.88       200
   macro avg       0.88      0.88      0.87       200
weighted avg       0.88      0.88      0.88       200

2026-04-24 17:06:49,454 | INFO | pipeline | [Stage 4/4] Saving Artifacts
2026-04-24 17:06:49,456 | INFO | model_registry | Saved artifact -> c:\Users\p.manojkumar\OneDrive - Exafluence, Inc\desktop\AI\ml_pipeline\artifacts\model.pkl
2026-04-24 17:06:49,457 | INFO | model_registry | Saved artifact -> c:\Users\p.manojkumar\OneDrive - Exafluence, Inc\desktop\AI\ml_pipeline\artifacts\preprocessor.pkl
2026-04-24 17:06:49,457 | INFO | pipeline | ==================================================
2026-04-24 17:06:49,457 | INFO | pipeline | PIPELINE COMPLETED SUCCESSFULLY | {'accuracy': 0.875, 'roc_auc': 0.9487}
2026-04-24 17:06:49,457 | INFO | pipeline | ==================================================
2026-04-24 17:06:49,463 | INFO | model_registry | Loaded artifact <- c:\Users\p.manojkumar\OneDrive - Exafluence, Inc\desktop\AI\ml_pipeline\artifacts\model.pkl
2026-04-24 17:06:49,465 | INFO | model_registry | Loaded artifact <- c:\Users\p.manojkumar\OneDrive - Exafluence, Inc\desktop\AI\ml_pipeline\artifacts\preprocessor.pkl
2026-04-24 17:06:49,465 | INFO | predictor | Predictor initialized with saved artifacts.
2026-04-24 17:06:49,465 | INFO | api | Model retrained and reloaded.
2026-04-24 17:06:49,792 | INFO | pipeline | ==================================================
2026-04-24 17:06:49,793 | INFO | pipeline | ML PIPELINE STARTED
2026-04-24 17:06:49,793 | INFO | pipeline | ==================================================
2026-04-24 17:06:49,793 | INFO | pipeline | [Stage 1/4] Data Ingestion
2026-04-24 17:06:49,793 | INFO | data_ingestion | Collecting data...
2026-04-24 17:06:49,802 | INFO | data_ingestion | Data saved to c:\Users\p.manojkumar\OneDrive - Exafluence, Inc\desktop\AI\ml_pipeline\artifacts\raw_data.csv | Shape: (1000, 6)
2026-04-24 17:06:49,803 | INFO | pipeline | [Stage 2/4] Data Preprocessing
2026-04-24 17:06:49,803 | INFO | data_preprocessing | Fitting and transforming data...
2026-04-24 17:06:49,810 | INFO | data_preprocessing | Transformed shape: (1000, 10)
2026-04-24 17:06:49,810 | INFO | pipeline | [Stage 3/4] Model Training
2026-04-24 17:06:49,813 | INFO | model_training | Training on 800 samples | Evaluating on 200 samples
2026-04-24 17:06:49,967 | INFO | model_training | Metrics: {'accuracy': 0.885, 'roc_auc': 0.9579}
2026-04-24 17:06:49,971 | INFO | model_training | 
              precision    recall  f1-score   support

           0       0.90      0.87      0.88       101
           1       0.87      0.90      0.89        99

    accuracy                           0.89       200
   macro avg       0.89      0.89      0.88       200
weighted avg       0.89      0.89      0.88       200

2026-04-24 17:06:49,972 | INFO | pipeline | [Stage 4/4] Saving Artifacts
2026-04-24 17:06:49,974 | INFO | model_registry | Saved artifact -> c:\Users\p.manojkumar\OneDrive - Exafluence, Inc\desktop\AI\ml_pipeline\artifacts\model.pkl
2026-04-24 17:06:49,975 | INFO | model_registry | Saved artifact -> c:\Users\p.manojkumar\OneDrive - Exafluence, Inc\desktop\AI\ml_pipeline\artifacts\preprocessor.pkl
2026-04-24 17:06:49,975 | INFO | pipeline | ==================================================
2026-04-24 17:06:49,975 | INFO | pipeline | PIPELINE COMPLETED SUCCESSFULLY | {'accuracy': 0.885, 'roc_auc': 0.9579}
2026-04-24 17:06:49,975 | INFO | pipeline | ==================================================
2026-04-24 17:06:49,977 | INFO | model_registry | Loaded artifact <- c:\Users\p.manojkumar\OneDrive - Exafluence, Inc\desktop\AI\ml_pipeline\artifacts\model.pkl
2026-04-24 17:06:49,977 | INFO | model_registry | Loaded artifact <- c:\Users\p.manojkumar\OneDrive - Exafluence, Inc\desktop\AI\ml_pipeline\artifacts\preprocessor.pkl
2026-04-24 17:06:49,977 | INFO | predictor | Predictor initialized with saved artifacts.
2026-04-24 17:06:49,977 | INFO | api | Model retrained and reloaded.
2026-04-24 17:06:50,185 | INFO | pipeline | ==================================================
2026-04-24 17:06:50,185 | INFO | pipeline | ML PIPELINE STARTED
2026-04-24 17:06:50,185 | INFO | pipeline | ==================================================
2026-04-24 17:06:50,185 | INFO | pipeline | [Stage 1/4] Data Ingestion
2026-04-24 17:06:50,186 | INFO | data_ingestion | Collecting data...
2026-04-24 17:06:50,196 | INFO | data_ingestion | Data saved to c:\Users\p.manojkumar\OneDrive - Exafluence, Inc\desktop\AI\ml_pipeline\artifacts\raw_data.csv | Shape: (1000, 6)
2026-04-24 17:06:50,197 | INFO | pipeline | [Stage 2/4] Data Preprocessing
2026-04-24 17:06:50,197 | INFO | data_preprocessing | Fitting and transforming data...
2026-04-24 17:06:50,202 | INFO | data_preprocessing | Transformed shape: (1000, 10)
2026-04-24 17:06:50,203 | INFO | pipeline | [Stage 3/4] Model Training
2026-04-24 17:06:50,204 | INFO | model_training | Training on 800 samples | Evaluating on 200 samples
2026-04-24 17:06:50,376 | INFO | model_training | Metrics: {'accuracy': 0.89, 'roc_auc': 0.9592}
2026-04-24 17:06:50,380 | INFO | model_training | 
              precision    recall  f1-score   support

           0       0.91      0.87      0.89       101
           1       0.87      0.91      0.89        99

    accuracy                           0.89       200
   macro avg       0.89      0.89      0.89       200
weighted avg       0.89      0.89      0.89       200

2026-04-24 17:06:50,380 | INFO | pipeline | [Stage 4/4] Saving Artifacts
2026-04-24 17:06:50,382 | INFO | model_registry | Saved artifact -> c:\Users\p.manojkumar\OneDrive - Exafluence, Inc\desktop\AI\ml_pipeline\artifacts\model.pkl
2026-04-24 17:06:50,383 | INFO | model_registry | Saved artifact -> c:\Users\p.manojkumar\OneDrive - Exafluence, Inc\desktop\AI\ml_pipeline\artifacts\preprocessor.pkl
2026-04-24 17:06:50,383 | INFO | pipeline | ==================================================
2026-04-24 17:06:50,383 | INFO | pipeline | PIPELINE COMPLETED SUCCESSFULLY | {'accuracy': 0.89, 'roc_auc': 0.9592}
2026-04-24 17:06:50,383 | INFO | pipeline | ==================================================
2026-04-24 17:06:50,384 | INFO | model_registry | Loaded artifact <- c:\Users\p.manojkumar\OneDrive - Exafluence, Inc\desktop\AI\ml_pipeline\artifacts\model.pkl
2026-04-24 17:06:50,385 | INFO | model_registry | Loaded artifact <- c:\Users\p.manojkumar\OneDrive - Exafluence, Inc\desktop\AI\ml_pipeline\artifacts\preprocessor.pkl
2026-04-24 17:06:50,385 | INFO | predictor | Predictor initialized with saved artifacts.
2026-04-24 17:06:50,385 | INFO | api | Model retrained and reloaded.
2026-04-24 17:06:52,593 | INFO | pipeline | ==================================================
2026-04-24 17:06:52,594 | INFO | pipeline | ML PIPELINE STARTED
2026-04-24 17:06:52,594 | INFO | pipeline | ==================================================
2026-04-24 17:06:52,594 | INFO | pipeline | [Stage 1/4] Data Ingestion
2026-04-24 17:06:52,594 | INFO | data_ingestion | Collecting data...
2026-04-24 17:06:52,602 | INFO | data_ingestion | Data saved to c:\Users\p.manojkumar\OneDrive - Exafluence, Inc\desktop\AI\ml_pipeline\artifacts\raw_data.csv | Shape: (1000, 6)
2026-04-24 17:06:52,602 | INFO | pipeline | [Stage 2/4] Data Preprocessing
2026-04-24 17:06:52,602 | INFO | data_preprocessing | Fitting and transforming data...
2026-04-24 17:06:52,607 | INFO | data_preprocessing | Transformed shape: (1000, 10)
2026-04-24 17:06:52,608 | INFO | pipeline | [Stage 3/4] Model Training
2026-04-24 17:06:52,609 | INFO | model_training | Training on 800 samples | Evaluating on 200 samples
2026-04-24 17:06:52,775 | INFO | model_training | Metrics: {'accuracy': 0.885, 'roc_auc': 0.954}
2026-04-24 17:06:52,778 | INFO | model_training | 
              precision    recall  f1-score   support

           0       0.90      0.87      0.88       101
           1       0.87      0.90      0.89        99

    accuracy                           0.89       200
   macro avg       0.89      0.89      0.88       200
weighted avg       0.89      0.89      0.88       200

2026-04-24 17:06:52,778 | INFO | pipeline | [Stage 4/4] Saving Artifacts
2026-04-24 17:06:52,781 | INFO | model_registry | Saved artifact -> c:\Users\p.manojkumar\OneDrive - Exafluence, Inc\desktop\AI\ml_pipeline\artifacts\model.pkl
2026-04-24 17:06:52,781 | INFO | model_registry | Saved artifact -> c:\Users\p.manojkumar\OneDrive - Exafluence, Inc\desktop\AI\ml_pipeline\artifacts\preprocessor.pkl
2026-04-24 17:06:52,782 | INFO | pipeline | ==================================================
2026-04-24 17:06:52,782 | INFO | pipeline | PIPELINE COMPLETED SUCCESSFULLY | {'accuracy': 0.885, 'roc_auc': 0.954}
2026-04-24 17:06:52,782 | INFO | pipeline | ==================================================
2026-04-24 17:06:52,785 | INFO | model_registry | Loaded artifact <- c:\Users\p.manojkumar\OneDrive - Exafluence, Inc\desktop\AI\ml_pipeline\artifacts\model.pkl
2026-04-24 17:06:52,785 | INFO | model_registry | Loaded artifact <- c:\Users\p.manojkumar\OneDrive - Exafluence, Inc\desktop\AI\ml_pipeline\artifacts\preprocessor.pkl
2026-04-24 17:06:52,785 | INFO | predictor | Predictor initialized with saved artifacts.
2026-04-24 17:06:52,786 | INFO | api | Model retrained and reloaded.
2026-04-24 17:06:53,033 | INFO | pipeline | ==================================================
2026-04-24 17:06:53,034 | INFO | pipeline | ML PIPELINE STARTED
2026-04-24 17:06:53,034 | INFO | pipeline | ==================================================
2026-04-24 17:06:53,034 | INFO | pipeline | [Stage 1/4] Data Ingestion
2026-04-24 17:06:53,034 | INFO | data_ingestion | Collecting data...
2026-04-24 17:06:53,045 | INFO | data_ingestion | Data saved to c:\Users\p.manojkumar\OneDrive - Exafluence, Inc\desktop\AI\ml_pipeline\artifacts\raw_data.csv | Shape: (1000, 6)
2026-04-24 17:06:53,045 | INFO | pipeline | [Stage 2/4] Data Preprocessing
2026-04-24 17:06:53,046 | INFO | data_preprocessing | Fitting and transforming data...
2026-04-24 17:06:53,050 | INFO | data_preprocessing | Transformed shape: (1000, 10)
2026-04-24 17:06:53,050 | INFO | pipeline | [Stage 3/4] Model Training
2026-04-24 17:06:53,051 | INFO | model_training | Training on 800 samples | Evaluating on 200 samples
2026-04-24 17:06:53,210 | INFO | model_training | Metrics: {'accuracy': 0.885, 'roc_auc': 0.9602}
2026-04-24 17:06:53,214 | INFO | model_training | 
              precision    recall  f1-score   support

           0       0.88      0.89      0.89       101
           1       0.89      0.88      0.88        99

    accuracy                           0.89       200
   macro avg       0.89      0.88      0.88       200
weighted avg       0.89      0.89      0.88       200

2026-04-24 17:06:53,214 | INFO | pipeline | [Stage 4/4] Saving Artifacts
2026-04-24 17:06:53,216 | INFO | model_registry | Saved artifact -> c:\Users\p.manojkumar\OneDrive - Exafluence, Inc\desktop\AI\ml_pipeline\artifacts\model.pkl
2026-04-24 17:06:53,217 | INFO | model_registry | Saved artifact -> c:\Users\p.manojkumar\OneDrive - Exafluence, Inc\desktop\AI\ml_pipeline\artifacts\preprocessor.pkl
2026-04-24 17:06:53,217 | INFO | pipeline | ==================================================
2026-04-24 17:06:53,217 | INFO | pipeline | PIPELINE COMPLETED SUCCESSFULLY | {'accuracy': 0.885, 'roc_auc': 0.9602}
2026-04-24 17:06:53,217 | INFO | pipeline | ==================================================
2026-04-24 17:06:53,218 | INFO | model_registry | Loaded artifact <- c:\Users\p.manojkumar\OneDrive - Exafluence, Inc\desktop\AI\ml_pipeline\artifacts\model.pkl
2026-04-24 17:06:53,219 | INFO | model_registry | Loaded artifact <- c:\Users\p.manojkumar\OneDrive - Exafluence, Inc\desktop\AI\ml_pipeline\artifacts\preprocessor.pkl
2026-04-24 17:06:53,219 | INFO | predictor | Predictor initialized with saved artifacts.
2026-04-24 17:06:53,219 | INFO | api | Model retrained and reloaded.
2026-04-24 17:06:53,345 | INFO | pipeline | ==================================================
2026-04-24 17:06:53,345 | INFO | pipeline | ML PIPELINE STARTED
2026-04-24 17:06:53,345 | INFO | pipeline | ==================================================
2026-04-24 17:06:53,345 | INFO | pipeline | [Stage 1/4] Data Ingestion
2026-04-24 17:06:53,346 | INFO | data_ingestion | Collecting data...
2026-04-24 17:06:53,353 | INFO | data_ingestion | Data saved to c:\Users\p.manojkumar\OneDrive - Exafluence, Inc\desktop\AI\ml_pipeline\artifacts\raw_data.csv | Shape: (1000, 6)
2026-04-24 17:06:53,353 | INFO | pipeline | [Stage 2/4] Data Preprocessing
2026-04-24 17:06:53,353 | INFO | data_preprocessing | Fitting and transforming data...
2026-04-24 17:06:53,359 | INFO | data_preprocessing | Transformed shape: (1000, 10)
2026-04-24 17:06:53,359 | INFO | pipeline | [Stage 3/4] Model Training
2026-04-24 17:06:53,360 | INFO | model_training | Training on 800 samples | Evaluating on 200 samples
2026-04-24 17:06:53,524 | INFO | model_training | Metrics: {'accuracy': 0.885, 'roc_auc': 0.958}
2026-04-24 17:06:53,527 | INFO | model_training | 
              precision    recall  f1-score   support

           0       0.91      0.85      0.88       101
           1       0.86      0.92      0.89        99

    accuracy                           0.89       200
   macro avg       0.89      0.89      0.88       200
weighted avg       0.89      0.89      0.88       200

2026-04-24 17:06:53,527 | INFO | pipeline | [Stage 4/4] Saving Artifacts
2026-04-24 17:06:53,530 | INFO | model_registry | Saved artifact -> c:\Users\p.manojkumar\OneDrive - Exafluence, Inc\desktop\AI\ml_pipeline\artifacts\model.pkl
2026-04-24 17:06:53,530 | INFO | model_registry | Saved artifact -> c:\Users\p.manojkumar\OneDrive - Exafluence, Inc\desktop\AI\ml_pipeline\artifacts\preprocessor.pkl
2026-04-24 17:06:53,531 | INFO | pipeline | ==================================================
2026-04-24 17:06:53,531 | INFO | pipeline | PIPELINE COMPLETED SUCCESSFULLY | {'accuracy': 0.885, 'roc_auc': 0.958}
2026-04-24 17:06:53,531 | INFO | pipeline | ==================================================
2026-04-24 17:06:53,532 | INFO | model_registry | Loaded artifact <- c:\Users\p.manojkumar\OneDrive - Exafluence, Inc\desktop\AI\ml_pipeline\artifacts\model.pkl
2026-04-24 17:06:53,532 | INFO | model_registry | Loaded artifact <- c:\Users\p.manojkumar\OneDrive - Exafluence, Inc\desktop\AI\ml_pipeline\artifacts\preprocessor.pkl
2026-04-24 17:06:53,533 | INFO | predictor | Predictor initialized with saved artifacts.
2026-04-24 17:06:53,533 | INFO | api | Model retrained and reloaded.
2026-04-24 17:06:53,625 | INFO | pipeline | ==================================================
2026-04-24 17:06:53,626 | INFO | pipeline | ML PIPELINE STARTED
2026-04-24 17:06:53,626 | INFO | pipeline | ==================================================
2026-04-24 17:06:53,626 | INFO | pipeline | [Stage 1/4] Data Ingestion
2026-04-24 17:06:53,626 | INFO | data_ingestion | Collecting data...
2026-04-24 17:06:53,633 | INFO | data_ingestion | Data saved to c:\Users\p.manojkumar\OneDrive - Exafluence, Inc\desktop\AI\ml_pipeline\artifacts\raw_data.csv | Shape: (1000, 6)
2026-04-24 17:06:53,633 | INFO | pipeline | [Stage 2/4] Data Preprocessing
2026-04-24 17:06:53,633 | INFO | data_preprocessing | Fitting and transforming data...
2026-04-24 17:06:53,637 | INFO | data_preprocessing | Transformed shape: (1000, 10)
2026-04-24 17:06:53,637 | INFO | pipeline | [Stage 3/4] Model Training
2026-04-24 17:06:53,639 | INFO | model_training | Training on 800 samples | Evaluating on 200 samples
2026-04-24 17:06:53,786 | INFO | model_training | Metrics: {'accuracy': 0.895, 'roc_auc': 0.9634}
2026-04-24 17:06:53,789 | INFO | model_training | 
              precision    recall  f1-score   support

           0       0.90      0.89      0.90       101
           1       0.89      0.90      0.89        99

    accuracy                           0.90       200
   macro avg       0.90      0.90      0.89       200
weighted avg       0.90      0.90      0.90       200

2026-04-24 17:06:53,789 | INFO | pipeline | [Stage 4/4] Saving Artifacts
2026-04-24 17:06:53,792 | INFO | model_registry | Saved artifact -> c:\Users\p.manojkumar\OneDrive - Exafluence, Inc\desktop\AI\ml_pipeline\artifacts\model.pkl
2026-04-24 17:06:53,793 | INFO | model_registry | Saved artifact -> c:\Users\p.manojkumar\OneDrive - Exafluence, Inc\desktop\AI\ml_pipeline\artifacts\preprocessor.pkl
2026-04-24 17:06:53,793 | INFO | pipeline | ==================================================
2026-04-24 17:06:53,793 | INFO | pipeline | PIPELINE COMPLETED SUCCESSFULLY | {'accuracy': 0.895, 'roc_auc': 0.9634}
2026-04-24 17:06:53,793 | INFO | pipeline | ==================================================
2026-04-24 17:06:53,794 | INFO | model_registry | Loaded artifact <- c:\Users\p.manojkumar\OneDrive - Exafluence, Inc\desktop\AI\ml_pipeline\artifacts\model.pkl
2026-04-24 17:06:53,794 | INFO | model_registry | Loaded artifact <- c:\Users\p.manojkumar\OneDrive - Exafluence, Inc\desktop\AI\ml_pipeline\artifacts\preprocessor.pkl
2026-04-24 17:06:53,795 | INFO | predictor | Predictor initialized with saved artifacts.
2026-04-24 17:06:53,795 | INFO | api | Model retrained and reloaded.
2026-04-24 17:06:53,897 | INFO | pipeline | ==================================================
2026-04-24 17:06:53,897 | INFO | pipeline | ML PIPELINE STARTED
2026-04-24 17:06:53,898 | INFO | pipeline | ==================================================
2026-04-24 17:06:53,898 | INFO | pipeline | [Stage 1/4] Data Ingestion
2026-04-24 17:06:53,898 | INFO | data_ingestion | Collecting data...
2026-04-24 17:06:53,908 | INFO | data_ingestion | Data saved to c:\Users\p.manojkumar\OneDrive - Exafluence, Inc\desktop\AI\ml_pipeline\artifacts\raw_data.csv | Shape: (1000, 6)
2026-04-24 17:06:53,908 | INFO | pipeline | [Stage 2/4] Data Preprocessing
2026-04-24 17:06:53,908 | INFO | data_preprocessing | Fitting and transforming data...
2026-04-24 17:06:53,913 | INFO | data_preprocessing | Transformed shape: (1000, 10)
2026-04-24 17:06:53,913 | INFO | pipeline | [Stage 3/4] Model Training
2026-04-24 17:06:53,914 | INFO | model_training | Training on 800 samples | Evaluating on 200 samples
2026-04-24 17:06:54,067 | INFO | model_training | Metrics: {'accuracy': 0.885, 'roc_auc': 0.9526}
2026-04-24 17:06:54,070 | INFO | model_training | 
              precision    recall  f1-score   support

           0       0.91      0.86      0.88       101
           1       0.87      0.91      0.89        99

    accuracy                           0.89       200
   macro avg       0.89      0.89      0.88       200
weighted avg       0.89      0.89      0.88       200

2026-04-24 17:06:54,071 | INFO | pipeline | [Stage 4/4] Saving Artifacts
2026-04-24 17:06:54,074 | INFO | model_registry | Saved artifact -> c:\Users\p.manojkumar\OneDrive - Exafluence, Inc\desktop\AI\ml_pipeline\artifacts\model.pkl
2026-04-24 17:06:54,075 | INFO | model_registry | Saved artifact -> c:\Users\p.manojkumar\OneDrive - Exafluence, Inc\desktop\AI\ml_pipeline\artifacts\preprocessor.pkl
2026-04-24 17:06:54,075 | INFO | pipeline | ==================================================
2026-04-24 17:06:54,075 | INFO | pipeline | PIPELINE COMPLETED SUCCESSFULLY | {'accuracy': 0.885, 'roc_auc': 0.9526}
2026-04-24 17:06:54,076 | INFO | pipeline | ==================================================
2026-04-24 17:06:54,077 | INFO | model_registry | Loaded artifact <- c:\Users\p.manojkumar\OneDrive - Exafluence, Inc\desktop\AI\ml_pipeline\artifacts\model.pkl
2026-04-24 17:06:54,077 | INFO | model_registry | Loaded artifact <- c:\Users\p.manojkumar\OneDrive - Exafluence, Inc\desktop\AI\ml_pipeline\artifacts\preprocessor.pkl
2026-04-24 17:06:54,077 | INFO | predictor | Predictor initialized with saved artifacts.
2026-04-24 17:06:54,077 | INFO | api | Model retrained and reloaded.
2026-04-24 17:06:54,145 | INFO | pipeline | ==================================================
2026-04-24 17:06:54,146 | INFO | pipeline | ML PIPELINE STARTED
2026-04-24 17:06:54,146 | INFO | pipeline | ==================================================
2026-04-24 17:06:54,146 | INFO | pipeline | [Stage 1/4] Data Ingestion
2026-04-24 17:06:54,147 | INFO | data_ingestion | Collecting data...
2026-04-24 17:06:54,161 | INFO | data_ingestion | Data saved to c:\Users\p.manojkumar\OneDrive - Exafluence, Inc\desktop\AI\ml_pipeline\artifacts\raw_data.csv | Shape: (1000, 6)
2026-04-24 17:06:54,161 | INFO | pipeline | [Stage 2/4] Data Preprocessing
2026-04-24 17:06:54,161 | INFO | data_preprocessing | Fitting and transforming data...
2026-04-24 17:06:54,172 | INFO | data_preprocessing | Transformed shape: (1000, 10)
2026-04-24 17:06:54,172 | INFO | pipeline | [Stage 3/4] Model Training
2026-04-24 17:06:54,174 | INFO | model_training | Training on 800 samples | Evaluating on 200 samples
2026-04-24 17:06:54,367 | INFO | model_training | Metrics: {'accuracy': 0.885, 'roc_auc': 0.9537}
2026-04-24 17:06:54,371 | INFO | model_training | 
              precision    recall  f1-score   support

           0       0.89      0.88      0.89       101
           1       0.88      0.89      0.88        99

    accuracy                           0.89       200
   macro avg       0.89      0.89      0.88       200
weighted avg       0.89      0.89      0.89       200

2026-04-24 17:06:54,371 | INFO | pipeline | [Stage 4/4] Saving Artifacts
2026-04-24 17:06:54,377 | INFO | model_registry | Saved artifact -> c:\Users\p.manojkumar\OneDrive - Exafluence, Inc\desktop\AI\ml_pipeline\artifacts\model.pkl
2026-04-24 17:06:54,378 | INFO | model_registry | Saved artifact -> c:\Users\p.manojkumar\OneDrive - Exafluence, Inc\desktop\AI\ml_pipeline\artifacts\preprocessor.pkl
2026-04-24 17:06:54,379 | INFO | pipeline | ==================================================
2026-04-24 17:06:54,379 | INFO | pipeline | PIPELINE COMPLETED SUCCESSFULLY | {'accuracy': 0.885, 'roc_auc': 0.9537}
2026-04-24 17:06:54,379 | INFO | pipeline | ==================================================
2026-04-24 17:06:54,381 | INFO | model_registry | Loaded artifact <- c:\Users\p.manojkumar\OneDrive - Exafluence, Inc\desktop\AI\ml_pipeline\artifacts\model.pkl
2026-04-24 17:06:54,381 | INFO | model_registry | Loaded artifact <- c:\Users\p.manojkumar\OneDrive - Exafluence, Inc\desktop\AI\ml_pipeline\artifacts\preprocessor.pkl
2026-04-24 17:06:54,381 | INFO | predictor | Predictor initialized with saved artifacts.
2026-04-24 17:06:54,381 | INFO | api | Model retrained and reloaded.
2026-04-24 17:06:54,592 | INFO | pipeline | ==================================================
2026-04-24 17:06:54,592 | INFO | pipeline | ML PIPELINE STARTED
2026-04-24 17:06:54,592 | INFO | pipeline | ==================================================
2026-04-24 17:06:54,592 | INFO | pipeline | [Stage 1/4] Data Ingestion
2026-04-24 17:06:54,594 | INFO | data_ingestion | Collecting data...
2026-04-24 17:06:54,600 | INFO | data_ingestion | Data saved to c:\Users\p.manojkumar\OneDrive - Exafluence, Inc\desktop\AI\ml_pipeline\artifacts\raw_data.csv | Shape: (1000, 6)
2026-04-24 17:06:54,600 | INFO | pipeline | [Stage 2/4] Data Preprocessing
2026-04-24 17:06:54,601 | INFO | data_preprocessing | Fitting and transforming data...
2026-04-24 17:06:54,607 | INFO | data_preprocessing | Transformed shape: (1000, 10)
2026-04-24 17:06:54,607 | INFO | pipeline | [Stage 3/4] Model Training
2026-04-24 17:06:54,609 | INFO | model_training | Training on 800 samples | Evaluating on 200 samples
2026-04-24 17:06:54,758 | INFO | model_training | Metrics: {'accuracy': 0.895, 'roc_auc': 0.9564}
2026-04-24 17:06:54,761 | INFO | model_training | 
              precision    recall  f1-score   support

           0       0.90      0.89      0.90       101
           1       0.89      0.90      0.89        99

    accuracy                           0.90       200
   macro avg       0.90      0.90      0.89       200
weighted avg       0.90      0.90      0.90       200

2026-04-24 17:06:54,761 | INFO | pipeline | [Stage 4/4] Saving Artifacts
2026-04-24 17:06:54,764 | INFO | model_registry | Saved artifact -> c:\Users\p.manojkumar\OneDrive - Exafluence, Inc\desktop\AI\ml_pipeline\artifacts\model.pkl
2026-04-24 17:06:54,765 | INFO | model_registry | Saved artifact -> c:\Users\p.manojkumar\OneDrive - Exafluence, Inc\desktop\AI\ml_pipeline\artifacts\preprocessor.pkl
2026-04-24 17:06:54,765 | INFO | pipeline | ==================================================
2026-04-24 17:06:54,765 | INFO | pipeline | PIPELINE COMPLETED SUCCESSFULLY | {'accuracy': 0.895, 'roc_auc': 0.9564}
2026-04-24 17:06:54,765 | INFO | pipeline | ==================================================
2026-04-24 17:06:54,766 | INFO | model_registry | Loaded artifact <- c:\Users\p.manojkumar\OneDrive - Exafluence, Inc\desktop\AI\ml_pipeline\artifacts\model.pkl
2026-04-24 17:06:54,767 | INFO | model_registry | Loaded artifact <- c:\Users\p.manojkumar\OneDrive - Exafluence, Inc\desktop\AI\ml_pipeline\artifacts\preprocessor.pkl
2026-04-24 17:06:54,767 | INFO | predictor | Predictor initialized with saved artifacts.
2026-04-24 17:06:54,767 | INFO | api | Model retrained and reloaded.
2026-04-24 17:06:54,809 | INFO | pipeline | ==================================================
2026-04-24 17:06:54,809 | INFO | pipeline | ML PIPELINE STARTED
2026-04-24 17:06:54,810 | INFO | pipeline | ==================================================
2026-04-24 17:06:54,810 | INFO | pipeline | [Stage 1/4] Data Ingestion
2026-04-24 17:06:54,810 | INFO | data_ingestion | Collecting data...
2026-04-24 17:06:54,818 | INFO | data_ingestion | Data saved to c:\Users\p.manojkumar\OneDrive - Exafluence, Inc\desktop\AI\ml_pipeline\artifacts\raw_data.csv | Shape: (1000, 6)
2026-04-24 17:06:54,819 | INFO | pipeline | [Stage 2/4] Data Preprocessing
2026-04-24 17:06:54,819 | INFO | data_preprocessing | Fitting and transforming data...
2026-04-24 17:06:54,826 | INFO | data_preprocessing | Transformed shape: (1000, 10)
2026-04-24 17:06:54,826 | INFO | pipeline | [Stage 3/4] Model Training
2026-04-24 17:06:54,827 | INFO | model_training | Training on 800 samples | Evaluating on 200 samples
2026-04-24 17:06:54,992 | INFO | model_training | Metrics: {'accuracy': 0.905, 'roc_auc': 0.9582}
2026-04-24 17:06:54,995 | INFO | model_training | 
              precision    recall  f1-score   support

           0       0.92      0.89      0.90       101
           1       0.89      0.92      0.91        99

    accuracy                           0.91       200
   macro avg       0.91      0.91      0.90       200
weighted avg       0.91      0.91      0.90       200

2026-04-24 17:06:54,995 | INFO | pipeline | [Stage 4/4] Saving Artifacts
2026-04-24 17:06:54,998 | INFO | model_registry | Saved artifact -> c:\Users\p.manojkumar\OneDrive - Exafluence, Inc\desktop\AI\ml_pipeline\artifacts\model.pkl
2026-04-24 17:06:55,000 | INFO | model_registry | Saved artifact -> c:\Users\p.manojkumar\OneDrive - Exafluence, Inc\desktop\AI\ml_pipeline\artifacts\preprocessor.pkl
2026-04-24 17:06:55,000 | INFO | pipeline | ==================================================
2026-04-24 17:06:55,000 | INFO | pipeline | PIPELINE COMPLETED SUCCESSFULLY | {'accuracy': 0.905, 'roc_auc': 0.9582}
2026-04-24 17:06:55,001 | INFO | pipeline | ==================================================
2026-04-24 17:06:55,002 | INFO | model_registry | Loaded artifact <- c:\Users\p.manojkumar\OneDrive - Exafluence, Inc\desktop\AI\ml_pipeline\artifacts\model.pkl
2026-04-24 17:06:55,003 | INFO | model_registry | Loaded artifact <- c:\Users\p.manojkumar\OneDrive - Exafluence, Inc\desktop\AI\ml_pipeline\artifacts\preprocessor.pkl
2026-04-24 17:06:55,003 | INFO | predictor | Predictor initialized with saved artifacts.
2026-04-24 17:06:55,003 | INFO | api | Model retrained and reloaded.
2026-04-24 17:06:55,200 | INFO | pipeline | ==================================================
2026-04-24 17:06:55,201 | INFO | pipeline | ML PIPELINE STARTED
2026-04-24 17:06:55,201 | INFO | pipeline | ==================================================
2026-04-24 17:06:55,201 | INFO | pipeline | [Stage 1/4] Data Ingestion
2026-04-24 17:06:55,201 | INFO | data_ingestion | Collecting data...
2026-04-24 17:06:55,212 | INFO | data_ingestion | Data saved to c:\Users\p.manojkumar\OneDrive - Exafluence, Inc\desktop\AI\ml_pipeline\artifacts\raw_data.csv | Shape: (1000, 6)
2026-04-24 17:06:55,212 | INFO | pipeline | [Stage 2/4] Data Preprocessing
2026-04-24 17:06:55,212 | INFO | data_preprocessing | Fitting and transforming data...
2026-04-24 17:06:55,217 | INFO | data_preprocessing | Transformed shape: (1000, 10)
2026-04-24 17:06:55,217 | INFO | pipeline | [Stage 3/4] Model Training
2026-04-24 17:06:55,219 | INFO | model_training | Training on 800 samples | Evaluating on 200 samples
2026-04-24 17:06:55,382 | INFO | model_training | Metrics: {'accuracy': 0.89, 'roc_auc': 0.9541}
2026-04-24 17:06:55,386 | INFO | model_training | 
              precision    recall  f1-score   support

           0       0.90      0.88      0.89       101
           1       0.88      0.90      0.89        99

    accuracy                           0.89       200
   macro avg       0.89      0.89      0.89       200
weighted avg       0.89      0.89      0.89       200

2026-04-24 17:06:55,386 | INFO | pipeline | [Stage 4/4] Saving Artifacts
2026-04-24 17:06:55,389 | INFO | model_registry | Saved artifact -> c:\Users\p.manojkumar\OneDrive - Exafluence, Inc\desktop\AI\ml_pipeline\artifacts\model.pkl
2026-04-24 17:06:55,390 | INFO | model_registry | Saved artifact -> c:\Users\p.manojkumar\OneDrive - Exafluence, Inc\desktop\AI\ml_pipeline\artifacts\preprocessor.pkl
2026-04-24 17:06:55,390 | INFO | pipeline | ==================================================
2026-04-24 17:06:55,390 | INFO | pipeline | PIPELINE COMPLETED SUCCESSFULLY | {'accuracy': 0.89, 'roc_auc': 0.9541}
2026-04-24 17:06:55,391 | INFO | pipeline | ==================================================
2026-04-24 17:06:55,392 | INFO | model_registry | Loaded artifact <- c:\Users\p.manojkumar\OneDrive - Exafluence, Inc\desktop\AI\ml_pipeline\artifacts\model.pkl
2026-04-24 17:06:55,393 | INFO | model_registry | Loaded artifact <- c:\Users\p.manojkumar\OneDrive - Exafluence, Inc\desktop\AI\ml_pipeline\artifacts\preprocessor.pkl
2026-04-24 17:06:55,393 | INFO | predictor | Predictor initialized with saved artifacts.
2026-04-24 17:06:55,393 | INFO | api | Model retrained and reloaded.
2026-04-24 17:07:02,401 | INFO | pipeline | ==================================================
2026-04-24 17:07:02,402 | INFO | pipeline | ML PIPELINE STARTED
2026-04-24 17:07:02,402 | INFO | pipeline | ==================================================
2026-04-24 17:07:02,402 | INFO | pipeline | [Stage 1/4] Data Ingestion
2026-04-24 17:07:02,403 | INFO | data_ingestion | Collecting data...
2026-04-24 17:07:02,416 | INFO | data_ingestion | Data saved to c:\Users\p.manojkumar\OneDrive - Exafluence, Inc\desktop\AI\ml_pipeline\artifacts\raw_data.csv | Shape: (1000, 6)
2026-04-24 17:07:02,417 | INFO | pipeline | [Stage 2/4] Data Preprocessing
2026-04-24 17:07:02,417 | INFO | data_preprocessing | Fitting and transforming data...
2026-04-24 17:07:02,423 | INFO | data_preprocessing | Transformed shape: (1000, 10)
2026-04-24 17:07:02,424 | INFO | pipeline | [Stage 3/4] Model Training
2026-04-24 17:07:02,425 | INFO | model_training | Training on 800 samples | Evaluating on 200 samples
2026-04-24 17:07:02,598 | INFO | model_training | Metrics: {'accuracy': 0.89, 'roc_auc': 0.9523}
2026-04-24 17:07:02,602 | INFO | model_training | 
              precision    recall  f1-score   support

           0       0.90      0.88      0.89       101
           1       0.88      0.90      0.89        99

    accuracy                           0.89       200
   macro avg       0.89      0.89      0.89       200
weighted avg       0.89      0.89      0.89       200

2026-04-24 17:07:02,602 | INFO | pipeline | [Stage 4/4] Saving Artifacts
2026-04-24 17:07:02,606 | INFO | model_registry | Saved artifact -> c:\Users\p.manojkumar\OneDrive - Exafluence, Inc\desktop\AI\ml_pipeline\artifacts\model.pkl
2026-04-24 17:07:02,607 | INFO | model_registry | Saved artifact -> c:\Users\p.manojkumar\OneDrive - Exafluence, Inc\desktop\AI\ml_pipeline\artifacts\preprocessor.pkl
2026-04-24 17:07:02,607 | INFO | pipeline | ==================================================
2026-04-24 17:07:02,607 | INFO | pipeline | PIPELINE COMPLETED SUCCESSFULLY | {'accuracy': 0.89, 'roc_auc': 0.9523}
2026-04-24 17:07:02,608 | INFO | pipeline | ==================================================
2026-04-24 17:07:02,609 | INFO | model_registry | Loaded artifact <- c:\Users\p.manojkumar\OneDrive - Exafluence, Inc\desktop\AI\ml_pipeline\artifacts\model.pkl
2026-04-24 17:07:02,609 | INFO | model_registry | Loaded artifact <- c:\Users\p.manojkumar\OneDrive - Exafluence, Inc\desktop\AI\ml_pipeline\artifacts\preprocessor.pkl
2026-04-24 17:07:02,610 | INFO | predictor | Predictor initialized with saved artifacts.
2026-04-24 17:07:02,610 | INFO | api | Model retrained and reloaded.
2026-04-24 17:07:05,458 | INFO | pipeline | ==================================================
2026-04-24 17:07:05,459 | INFO | pipeline | ML PIPELINE STARTED
2026-04-24 17:07:05,459 | INFO | pipeline | ==================================================
2026-04-24 17:07:05,459 | INFO | pipeline | [Stage 1/4] Data Ingestion
2026-04-24 17:07:05,460 | INFO | data_ingestion | Collecting data...
2026-04-24 17:07:05,473 | INFO | data_ingestion | Data saved to c:\Users\p.manojkumar\OneDrive - Exafluence, Inc\desktop\AI\ml_pipeline\artifacts\raw_data.csv | Shape: (1000, 6)
2026-04-24 17:07:05,474 | INFO | pipeline | [Stage 2/4] Data Preprocessing
2026-04-24 17:07:05,474 | INFO | data_preprocessing | Fitting and transforming data...
2026-04-24 17:07:05,479 | INFO | data_preprocessing | Transformed shape: (1000, 10)
2026-04-24 17:07:05,479 | INFO | pipeline | [Stage 3/4] Model Training
2026-04-24 17:07:05,480 | INFO | model_training | Training on 800 samples | Evaluating on 200 samples
2026-04-24 17:07:05,632 | INFO | model_training | Metrics: {'accuracy': 0.885, 'roc_auc': 0.9543}
2026-04-24 17:07:05,635 | INFO | model_training | 
              precision    recall  f1-score   support

           0       0.89      0.88      0.89       101
           1       0.88      0.89      0.88        99

    accuracy                           0.89       200
   macro avg       0.89      0.89      0.88       200
weighted avg       0.89      0.89      0.89       200

2026-04-24 17:07:05,635 | INFO | pipeline | [Stage 4/4] Saving Artifacts
2026-04-24 17:07:05,638 | INFO | model_registry | Saved artifact -> c:\Users\p.manojkumar\OneDrive - Exafluence, Inc\desktop\AI\ml_pipeline\artifacts\model.pkl
2026-04-24 17:07:05,638 | INFO | model_registry | Saved artifact -> c:\Users\p.manojkumar\OneDrive - Exafluence, Inc\desktop\AI\ml_pipeline\artifacts\preprocessor.pkl
2026-04-24 17:07:05,638 | INFO | pipeline | ==================================================
2026-04-24 17:07:05,639 | INFO | pipeline | PIPELINE COMPLETED SUCCESSFULLY | {'accuracy': 0.885, 'roc_auc': 0.9543}
2026-04-24 17:07:05,639 | INFO | pipeline | ==================================================
2026-04-24 17:07:05,640 | INFO | model_registry | Loaded artifact <- c:\Users\p.manojkumar\OneDrive - Exafluence, Inc\desktop\AI\ml_pipeline\artifacts\model.pkl
2026-04-24 17:07:05,640 | INFO | model_registry | Loaded artifact <- c:\Users\p.manojkumar\OneDrive - Exafluence, Inc\desktop\AI\ml_pipeline\artifacts\preprocessor.pkl
2026-04-24 17:07:05,641 | INFO | predictor | Predictor initialized with saved artifacts.
2026-04-24 17:07:05,641 | INFO | api | Model retrained and reloaded.
2026-04-24 17:07:05,689 | INFO | pipeline | ==================================================
2026-04-24 17:07:05,690 | INFO | pipeline | ML PIPELINE STARTED
2026-04-24 17:07:05,690 | INFO | pipeline | ==================================================
2026-04-24 17:07:05,690 | INFO | pipeline | [Stage 1/4] Data Ingestion
2026-04-24 17:07:05,691 | INFO | data_ingestion | Collecting data...
2026-04-24 17:07:05,698 | INFO | data_ingestion | Data saved to c:\Users\p.manojkumar\OneDrive - Exafluence, Inc\desktop\AI\ml_pipeline\artifacts\raw_data.csv | Shape: (1000, 6)
2026-04-24 17:07:05,699 | INFO | pipeline | [Stage 2/4] Data Preprocessing
2026-04-24 17:07:05,699 | INFO | data_preprocessing | Fitting and transforming data...
2026-04-24 17:07:05,705 | INFO | data_preprocessing | Transformed shape: (1000, 10)
2026-04-24 17:07:05,705 | INFO | pipeline | [Stage 3/4] Model Training
2026-04-24 17:07:05,706 | INFO | model_training | Training on 800 samples | Evaluating on 200 samples
2026-04-24 17:07:05,882 | INFO | model_training | Metrics: {'accuracy': 0.88, 'roc_auc': 0.9552}
2026-04-24 17:07:05,886 | INFO | model_training | 
              precision    recall  f1-score   support

           0       0.89      0.87      0.88       101
           1       0.87      0.89      0.88        99

    accuracy                           0.88       200
   macro avg       0.88      0.88      0.88       200
weighted avg       0.88      0.88      0.88       200

2026-04-24 17:07:05,886 | INFO | pipeline | [Stage 4/4] Saving Artifacts
2026-04-24 17:07:05,890 | INFO | model_registry | Saved artifact -> c:\Users\p.manojkumar\OneDrive - Exafluence, Inc\desktop\AI\ml_pipeline\artifacts\model.pkl
2026-04-24 17:07:05,891 | INFO | model_registry | Saved artifact -> c:\Users\p.manojkumar\OneDrive - Exafluence, Inc\desktop\AI\ml_pipeline\artifacts\preprocessor.pkl
2026-04-24 17:07:05,892 | INFO | pipeline | ==================================================
2026-04-24 17:07:05,892 | INFO | pipeline | PIPELINE COMPLETED SUCCESSFULLY | {'accuracy': 0.88, 'roc_auc': 0.9552}
2026-04-24 17:07:05,892 | INFO | pipeline | ==================================================
2026-04-24 17:07:05,894 | INFO | model_registry | Loaded artifact <- c:\Users\p.manojkumar\OneDrive - Exafluence, Inc\desktop\AI\ml_pipeline\artifacts\model.pkl
2026-04-24 17:07:05,895 | INFO | model_registry | Loaded artifact <- c:\Users\p.manojkumar\OneDrive - Exafluence, Inc\desktop\AI\ml_pipeline\artifacts\preprocessor.pkl
2026-04-24 17:07:05,895 | INFO | predictor | Predictor initialized with saved artifacts.
2026-04-24 17:07:05,895 | INFO | api | Model retrained and reloaded.
